── UNRESOLVED GUIDS (Properties / ObjectType) ─────────────
These GUIDs were not found in ad_guids.json — left as-is in output.
  {771727b1-31b8-4cdf-ae62-4fe39fadf89e}
  {a29b89fd-c7e8-11d0-9bae-00c04fd92ef5}

── UNRESOLVED %{GUID} (ObjectName) ───────────────────────
These GUIDs were not found in domain_objects.json — left as-is in output.
  %{015e3e98-978b-42f8-a409-6898a43eea0c}
  %{0164501a-0983-4e85-aa06-f43ee4cf726a}
  %{05ce0bbf-9675-4bb7-b8ea-f4948a02f6eb}
  %{07bcd753-41c6-46ff-87df-ed8241c2dadc}
  %{0abe7fcc-179c-4b92-a764-e6341e2ae593}
  %{0edb4380-d1a2-4d73-b0fb-b705952cee28}
  %{175da2d5-c962-486a-b488-a313995d5449}
  %{1f791fb9-653c-4a5b-9e49-452d847e2b67}
  %{1f8b0e60-8c27-475b-831d-04cdbe629e0c}
  %{23544f18-bd04-4ea2-939c-aeef6c1a62fd}
  %{235787f0-c004-415a-a736-9a69dd6f187b}
  %{2640afea-94e5-440f-96c1-b6bbc22a0abd}
  %{26c6791e-dc2d-422b-a41c-3ea70e6f8d42}
  %{2b57d4ae-9f06-4255-81fc-05656bd88827}
  %{2dd7fef2-a377-46ad-8070-9168f1d150f5}
  %{2e6d8826-e851-4c22-af2e-6af9cb7c944e}
  %{30636ec7-aeb8-47e8-9562-d1f1a8ebfd4c}
  %{33e3f536-3bf6-4ea9-8c94-193b60b6219f}
  %{362f548f-596a-4bc7-a9ba-b52927982d36}
  %{39ddb1dd-ac4a-4d8e-8271-d6b8a77581a5}
  %{3c600b0a-fdeb-4a05-a620-ef9a14129305}
  %{3e0108d9-bd35-4dad-bf15-17da4c31511a}
  %{3e09c05d-5d4b-4844-8e02-3019c6a63e39}
  %{42bfd745-22fc-4fd3-8df6-c4a3693dbdb6}
  %{42e625d9-5d54-44ab-bc1b-53890764898a}
  %{43d8c8bd-f319-4cec-9b5a-a711356887b8}
  %{49a362e6-dd11-4dae-8a35-92cc7d5aaef6}
  %{4b0c72f3-eb85-4598-845c-f22381f0aee0}
  %{4e4cc6a4-d961-4262-9dce-199dd7274cd4}
  %{52298729-377b-4bf9-a6b4-61deca00ad12}
  %{551f5579-3b7c-4525-82ce-fa5ba9f559e9}
  %{57ee3087-fa35-4873-83ee-f92afe482a06}
  %{5bd1bcc0-b8a5-4d82-913e-4fd692c393cd}
  %{61d0df67-92f9-42da-9e46-72fd4fad22c5}
  %{63a5d975-f76a-40ff-8772-7fdf1916b9d5}
  %{697a906d-711b-413b-816d-a03017f3ec9e}
  %{6cb17a11-f9f3-4bf9-ba8a-d26fa216ed45}
  %{6eb4ec30-3086-4465-8b13-829398d1db74}
  %{7909d313-e446-47b8-8557-6e4b59183497}
  %{7b82584e-461f-43e9-88fc-eaf269432402}
  %{7eb8897e-ff61-4b2f-a0c0-8d52251ce3e0}
  %{84564eb9-098c-4a11-87bd-c1883fa88ea8}
  %{9352a6f9-f116-4706-8d0c-c50fd56dc011}
  %{94cdad2e-98ab-4775-a4a4-1f94335fffef}
  %{967f53e1-3c9b-4b96-9487-ff82ec02e3b0}
  %{970a0bcb-0763-44a2-b0d7-f46d75b191e3}
  %{99190036-142c-42d0-8e93-4b2016ea5d85}
  %{9cb30254-c3c1-4433-b32c-229b8a623ac2}
  %{a2e8bc4e-7179-403b-8941-e881d53697ef}
  %{abbdb8d6-7515-4577-bbab-ca13b9a2cd26}
  %{aece42d8-7268-4fc4-a5be-d3fce15b739c}
  %{afcedf46-8c1b-48fb-afba-90dafdc371e1}
  %{b10acb5f-437b-4732-9470-4fd5b5860a13}
  %{b1e34f5f-7c8c-4e71-8845-fd3e6ef87e35}
  %{b797f145-28be-47ae-a6dc-e430eb6316e4}
  %{b9cf9448-4d1b-43e5-829e-f8387138fb3a}
  %{bad788a3-0855-4753-a4eb-305ca4701278}
  %{c107399f-f061-4989-8af5-53fbbff2b69f}
  %{c1277581-1229-4e2c-9593-7212d5335399}
  %{c640f21d-a0bf-4117-abaa-f55f6a8401cb}
  %{c99ace39-31a0-4ada-aff6-678cc91874f2}
  %{cd3fc9c2-4db8-43ab-a680-b89800982e7c}
  %{cece59ff-2035-4fb8-ba74-25ba59d948d6}
  %{d094a519-648c-4964-a6a5-b6c13d23c719}
  %{d68cd39c-06a8-4363-963a-129b98aca2a5}
  %{d702c697-a3e3-4f22-a348-607182dfecec}
  %{dccdc9d5-d481-4472-9751-8e7f90678775}
  %{de7fe0ea-67d8-4c74-8e90-492a8a38874a}
  %{e1c3879b-49d0-4bd3-b7d6-d6c84a206714}
  %{ea67d2cc-5160-4d25-871a-720f6eed158a}
  %{ef99900a-f086-4768-82ec-52424a469471}
  %{f0e7a260-8886-4067-ab7c-393033d0cb5f}
  %{f1fa9351-bce6-4697-92dc-e0ee46c6e990}
  %{f5ad41bf-bb06-4d90-82ff-49df8736cc4a}
  %{f820f0cc-bc58-426e-973d-bed18b5b3710}
  %{fb36bd94-43a0-4b4e-9c03-bebb60be15d9}
  %{fba39f32-8b2f-426b-90df-9dfa15a682c4}
  %{fc4eaedb-0e9a-4aec-b2b2-39d4bc68620f}
